// Jest Snapshot v1, https://goo.gl/fbAQLP

exports[`LeadNewsItem it should render 1`] = `
<div
  className="row align-items-center"
>
  <div
    className="col d-none d-sm-block"
  >
    <img
      alt="story"
      className="img-fluid mr-3"
      src="/media/wildfire.jpg"
    />
  </div>
  <div
    className="col"
  >
    <p
      className="mt-0 text-muted"
    >
      11-14-18
       / 
      <strong>
        Company News
      </strong>
    </p>
    <h3
      className="news-link font-weight-light"
    >
      Pacific Life Foundation Donates $250,000 to the American Red Cross for Victims of the California Wildfires
    </h3>
    <p>
      NEWPORT BEACH, CA â€“ The Pacific Life Foundation announced today a $250,000 donation to the American Red Cross in support of relief efforts for those impacted by the California wildfires. The Foundation also announced plans to match employee donations.
    </p>
    <a
      className="btn btn-primary"
      href="/news/article"
    >
      Read Article
    </a>
  </div>
</div>
`;
