// Jest Snapshot v1, https://goo.gl/fbAQLP

exports[`Map it should render 1`] = `
<div
  style={
    Object {
      "height": "500px",
      "width": "100%",
    }
  }
>
  <div
    style={
      Object {
        "height": "100%",
      }
    }
  />
</div>
`;
