// Jest Snapshot v1, https://goo.gl/fbAQLP

exports[`ConfiguredParticles it should render 1`] = `
<div
  className="canvas-container"
>
  <canvas
    style={
      Object {
        "height": "100%",
        "width": "100%",
      }
    }
  />
</div>
`;
