// Jest Snapshot v1, https://goo.gl/fbAQLP

exports[`CardGroup it should render 1`] = `
<div
  className="container-fluid bg-primary text-center text-white"
>
  <div
    className="row"
  >
    <div
      className="col-10 offset-1"
    >
      <p
        className="pt-5"
        style={
          Object {
            "fontSize": "calc(26px + 1.5vw + 0.5vmin)",
            "fontWeight": "300",
            "lineHeight": "1.2",
          }
        }
      >
        What the Power of Pacific Means for You
      </p>
      <div
        className="card-group my-3"
      >
        <div
          className="card bg-primary border-0"
        >
          <div
            className="svg-container mx-auto"
          >
            <svg>
              flag.svg
            </svg>
          </div>
          <div
            className="card-body"
          >
            <h3
              className="card-title"
            >
              Freedom
            </h3>
            <p
              className="card-text"
            >
              Life insurance and retirement solutions to help you reach your goals.
            </p>
          </div>
        </div>
        <div
          className="card bg-primary border-0"
        >
          <div
            className="svg-container mx-auto"
          >
            <svg>
              locked.svg
            </svg>
          </div>
          <div
            className="card-body"
          >
            <h3
              className="card-title"
            >
              Security
            </h3>
            <p
              className="card-text"
            >
              A deep commitment to protecting generations of families.
            </p>
          </div>
        </div>
        <div
          className="card bg-primary border-0"
        >
          <div
            className="svg-container d-block mx-auto align-bottom"
          >
            <svg>
              handshake.svg
            </svg>
          </div>
          <div
            className="card-body"
          >
            <h3
              className="card-title"
            >
              Trust
            </h3>
            <p
              className="card-text"
            >
              150 years of strength and stability by your side.
            </p>
          </div>
        </div>
      </div>
    </div>
  </div>
</div>
`;
