// Jest Snapshot v1, https://goo.gl/fbAQLP

exports[`DarkMode it should render 1`] = `"Your browser doesn't support dark mode!"`;
