// Jest Snapshot v1, https://goo.gl/fbAQLP

exports[`Skeleton it should render 1`] = `
<div
  className="skeleton"
/>
`;
