// Jest Snapshot v1, https://goo.gl/fbAQLP

exports[`ImageItem it should render 1`] = `
<div
  className="col-sm-4 mt-4"
>
  <img
    alt="something"
    className="img-fluid link"
    height="400px"
    onClick={[Function]}
    src="/media/wildfire.jpg"
    width="400px"
  />
  <br />
  <p
    className="lead d-inline"
  >
    <a
      aria-label="Download Google"
      className=""
      download={true}
      href="/media/wildfire.jpg"
    >
      <img
        alt="arrow"
        className="mr-2"
        src="download-arrow.svg"
        width="18px"
      />
    </a>
    California Wildfire windy 2018
  </p>
</div>
`;
