// Jest Snapshot v1, https://goo.gl/fbAQLP

exports[`Dropzone renders it should render 1`] = `
<div
  className="Dropzone "
  onClick={[Function]}
  onDragLeave={[Function]}
  onDragOver={[Function]}
  onDrop={[Function]}
  style={
    Object {
      "cursor": "pointer",
    }
  }
>
  <input
    className="FileInput"
    multiple={true}
    onChange={[Function]}
    type="file"
  />
  <img
    alt="upload"
    className="Icon"
    src="cloud.svg"
  />
  <span>
    Upload Files
  </span>
</div>
`;
