// Jest Snapshot v1, https://goo.gl/fbAQLP

exports[`HeroSection renders some content 1`] = `
<div
  className="hero text-white"
  style={
    Object {
      "backgroundImage": "url(startup.jpg)",
      "backgroundSize": "cover",
    }
  }
>
  <div
    className="container-fluid"
  >
    <div
      className="row align-items-center p-2"
    >
      <div
        className="col-md-4 offset-md-1 p-lg-5 my-5 bg-shade"
      >
        <h6
          className="text-uppercase"
        >
          
        </h6>
        <h3
          className="font-weight-light"
        >
          
        </h3>
        <p
          className="font-weight-light"
        >
          
        </p>
      </div>
    </div>
  </div>
</div>
`;
