// Jest Snapshot v1, https://goo.gl/fbAQLP

exports[`NewsList it should render 1`] = `
Array [
  <div
    class="d-flex justify-content-center"
  >
    <div
      class="spinner-border text-primary mt-5"
      role="status"
      style={
        Object {
          "height": "3rem",
          "width": "3rem",
        }
      }
    >
      <span
        class="sr-only"
      >
        Loading...
      </span>
    </div>
  </div>,
  <p
    className="text-danger"
  >
    
  </p>,
]
`;
