// Jest Snapshot v1, https://goo.gl/fbAQLP

exports[`Pwned it should render 1`] = `
<div
  className="text-muted"
>
  Loading...
</div>
`;
