// Jest Snapshot v1, https://goo.gl/fbAQLP

exports[`LeadNewsItem it should render 1`] = `
<div
  className="row"
>
  <div
    className="col"
  >
    <img
      alt="Generic placeholder"
      className="mr-3 d-none d-sm-block"
      src="/media/i.jpg"
      width="520px"
    />
  </div>
  <div
    className="col"
  >
    <p
      className="mt-0 text-muted"
    >
      2019-01-08
       / 
      <strong>
        Company News
      </strong>
    </p>
    <h3
      className="news-link font-weight-light"
    >
      Pacific Life Foundation Donates $250,000 to the American Red Cross for Victims of the California Wildfires
    </h3>
    <p>
      Pacific Life Foundation Donates $250,000 to the American Red Cross for Victims of the California Wildfires
    </p>
    <a
      className="btn btn-primary"
      href="/news/undefined"
    >
      Read Article
    </a>
  </div>
</div>
`;
