// Jest Snapshot v1, https://goo.gl/fbAQLP

exports[`Cards it should render 1`] = `
<div
  className="container-fluid bg-light pb-5"
>
  <div
    className="row"
  >
    <div
      className="col text-center p-4"
    >
      <h1
        className="card-display"
      >
        INSIGHTS TO HELP YOU MEET YOUR GOALS
      </h1>
    </div>
  </div>
  <div
    className="row"
  >
    <div
      className="card-deck"
    >
      <div
        className="card"
      >
        <img
          alt="retirement planning"
          className="card-img-top"
          src="card1.jpg"
        />
        <div
          className="card-body"
        >
          <h5
            className="card-title text-muted"
          >
            RETIREMENT PLANNING
          </h5>
          <h3>
            Make the Most of Your Retirement With an Informed Income Strategy.
          </h3>
        </div>
        <div
          className="card-footer bg-white"
        >
          <a
            className="btn btn-primary"
            href="/"
          >
            Read
          </a>
          <div
            className="d-inline p-2"
          >
            <img
              alt="clock"
              height="15px"
              src="clock.svg"
              width="15px"
            />
            <strong
              className="align-middle"
            >
               5 min read
            </strong>
          </div>
        </div>
      </div>
      <div
        className="card"
      >
        <img
          alt="business"
          className="card-img-top"
          src="card2.jpg"
        />
        <div
          className="card-body"
        >
          <h5
            className="card-title text-muted"
          >
            CAREER AND BUSINESS
          </h5>
          <h3>
            Donâ€™t Put Off Saving for Retirement
          </h3>
          <p
            className="card-text"
          >
            Start building your nest egg early to prepare for retirement.
          </p>
        </div>
        <div
          className="card-footer bg-white"
        >
          <a
            className="btn btn-primary"
            href="/"
          >
            Read
          </a>
          <div
            className="d-inline p-2"
          >
            <img
              alt="clock"
              height="15px"
              src="clock.svg"
              width="15px"
            />
            <strong
              className="align-middle"
            >
               7 min read
            </strong>
          </div>
        </div>
      </div>
      <div
        className="card"
      >
        <img
          alt="older couple"
          className="card-img-top"
          src="card3.jpg"
        />
        <div
          className="card-body"
        >
          <h5
            className="card-title text-muted"
          >
            RETIREMENT PLANNING
          </h5>
          <h3>
            Deciding When to Claim Retirement Benefits
          </h3>
          <p
            className="card-text"
          >
            Claiming benefits when you are younger than your full retirement age can mean missing out on hundreds of dollars per month.
          </p>
        </div>
        <div
          className="card-footer bg-white"
        >
          <a
            className="btn btn-primary"
            href="/"
          >
            Read
          </a>
          <div
            className="d-inline p-2"
          >
            <img
              alt="clock"
              height="15px"
              src="clock.svg"
              width="15px"
            />
            <strong
              className="align-middle"
            >
               3 min read
            </strong>
          </div>
        </div>
      </div>
    </div>
  </div>
</div>
`;
