// Jest Snapshot v1, https://goo.gl/fbAQLP

exports[`Toast renders the toast page 1`] = `
<div
  className="container mt-5"
>
  <div
    className="row"
  >
    <div
      className="col mt-5"
    >
      <div
        className="react-notification-root"
      >
        <div
          className="notification-container-top-left"
        />
        <div
          className="notification-container-top-right"
        />
        <div
          className="notification-container-bottom-left"
        />
        <div
          className="notification-container-bottom-right"
        />
        <div
          className="notification-container-top-center"
        />
        <div
          className="notification-container-bottom-center"
        />
      </div>
      <button
        className="btn btn-primary"
        onClick={[Function]}
      >
        Add Notification
      </button>
    </div>
  </div>
</div>
`;
