// Jest Snapshot v1, https://goo.gl/fbAQLP

exports[`APIList it should render 1`] = `
<div>
  <h1>
    Open Data List
  </h1>
  <ul />
</div>
`;
