// Jest Snapshot v1, https://goo.gl/fbAQLP

exports[`Routes it should render 1`] = `
<div
  role="group"
  style={
    Object {
      "outline": "none",
    }
  }
  tabIndex="-1"
>
  <div>
    Home
  </div>
</div>
`;
